c:\users\professional\desktop\c++\муравейник\муравейник\x64\debug\vc143.pdb
c:\users\professional\desktop\c++\муравейник\муравейник\x64\debug\vc143.idb
c:\users\professional\desktop\c++\муравейник\муравейник\x64\debug\vizualizer.obj
c:\users\professional\desktop\c++\муравейник\муравейник\x64\debug\role.obj
c:\users\professional\desktop\c++\муравейник\муравейник\x64\debug\main.obj
c:\users\professional\desktop\c++\муравейник\муравейник\x64\debug\informant.obj
c:\users\professional\desktop\c++\муравейник\муравейник\x64\debug\enemy.obj
c:\users\professional\desktop\c++\муравейник\муравейник\x64\debug\anthill.obj
c:\users\professional\desktop\c++\муравейник\муравейник\x64\debug\ant.obj
c:\users\professional\desktop\c++\муравейник\x64\debug\муравейник.exe
c:\users\professional\desktop\c++\муравейник\x64\debug\муравейник.pdb
c:\users\professional\desktop\c++\муравейник\муравейник\x64\debug\муравейник.ilk
c:\users\professional\desktop\c++\муравейник\муравейник\x64\debug\муравейник.tlog\cl.command.1.tlog
c:\users\professional\desktop\c++\муравейник\муравейник\x64\debug\муравейник.tlog\cl.items.tlog
c:\users\professional\desktop\c++\муравейник\муравейник\x64\debug\муравейник.tlog\cl.read.1.tlog
c:\users\professional\desktop\c++\муравейник\муравейник\x64\debug\муравейник.tlog\cl.write.1.tlog
c:\users\professional\desktop\c++\муравейник\муравейник\x64\debug\муравейник.tlog\link.command.1.tlog
c:\users\professional\desktop\c++\муравейник\муравейник\x64\debug\муравейник.tlog\link.read.1.tlog
c:\users\professional\desktop\c++\муравейник\муравейник\x64\debug\муравейник.tlog\link.secondary.1.tlog
c:\users\professional\desktop\c++\муравейник\муравейник\x64\debug\муравейник.tlog\link.write.1.tlog
